00:00 +0: loading C:/Users/DELL/Documents/Plant_disease_detection-main/frontend/test/unit/auth_api_test.dart
00:00 +0: C:/Users/DELL/Documents/Plant_disease_detection-main/frontend/test/unit/auth_api_test.dart: AuthApi login should return a map when successful
00:00 +1: C:/Users/DELL/Documents/Plant_disease_detection-main/frontend/test/unit/auth_api_test.dart: AuthApi register should return a map when successful
00:00 +2: C:/Users/DELL/Documents/Plant_disease_detection-main/frontend/test/unit/auth_api_test.dart: AuthApi forgotPassword should return a map when successful
00:00 +3: C:/Users/DELL/Documents/Plant_disease_detection-main/frontend/test/unit/auth_api_test.dart: AuthApi resetPassword should return a map when successful
00:00 +4: C:/Users/DELL/Documents/Plant_disease_detection-main/frontend/test/unit/auth_api_test.dart: AuthApi refreshToken should return a map when successful
00:00 +5: C:/Users/DELL/Documents/Plant_disease_detection-main/frontend/test/unit/diagnosis_api_test.dart: DiagnosisApi createDiagnosis should return result when successful
00:00 +5 -1: C:/Users/DELL/Documents/Plant_disease_detection-main/frontend/test/unit/diagnosis_api_test.dart: DiagnosisApi createDiagnosis should return result when successful [E]
  PathNotFoundException: Cannot retrieve length of file, path = 'test_path.jpg' (OS Error: The system cannot find the file specified, errno = 2)
  dart:io                                                      _File.length
  package:dio/src/multipart_file/io_multipart_file.dart 16:29  multipartFileFromPath
  package:dio/src/multipart_file.dart 139:12                   MultipartFile.fromFile
  package:frontend/services/diagnosis_api.dart 22:36           DiagnosisApi.createDiagnosis
  test\unit\diagnosis_api_test.dart 46:41                      main.<fn>.<fn>
  
00:00 +5 -1: C:/Users/DELL/Documents/Plant_disease_detection-main/frontend/test/unit/diagnosis_api_test.dart: DiagnosisApi getDiagnosis should return result when successful
00:00 +6 -1: C:/Users/DELL/Documents/Plant_disease_detection-main/frontend/test/unit/history_api_test.dart: HistoryApi getHistory should return a list of maps when successful
00:00 +7 -1: C:/Users/DELL/Documents/Plant_disease_detection-main/frontend/test/unit/history_api_test.dart: HistoryApi getAnalytics should return a map when successful
00:00 +8 -1: C:/Users/DELL/Documents/Plant_disease_detection-main/frontend/test/unit/history_api_test.dart: HistoryApi deleteHistory should execute successfully when called
00:01 +9 -1: C:/Users/DELL/Documents/Plant_disease_detection-main/frontend/test/unit/token_storage_test.dart: TokenStorage saveTokens should write tokens to secure storage
00:01 +10 -1: C:/Users/DELL/Documents/Plant_disease_detection-main/frontend/test/unit/token_storage_test.dart: TokenStorage readAccessToken should read from secure storage
00:01 +11 -1: C:/Users/DELL/Documents/Plant_disease_detection-main/frontend/test/unit/token_storage_test.dart: TokenStorage clearTokens should delete all keys from secure storage
00:01 +12 -1: C:/Users/DELL/Documents/Plant_disease_detection-main/frontend/test/unit/token_storage_test.dart: TokenStorage saveUserProfile should encode and save profile
00:01 +13 -1: C:/Users/DELL/Documents/Plant_disease_detection-main/frontend/test/unit/token_storage_test.dart: TokenStorage readUserProfile should decode and return profile
00:01 +14 -1: C:/Users/DELL/Documents/Plant_disease_detection-main/frontend/test/widget/login_page_test.dart: LoginPage Widget Test should show validation errors when fields are empty
00:02 +15 -1: C:/Users/DELL/Documents/Plant_disease_detection-main/frontend/test/widget/login_page_test.dart: LoginPage Widget Test should show validation errors when fields are empty
00:02 +16 -1: C:/Users/DELL/Documents/Plant_disease_detection-main/frontend/test/widget/login_page_test.dart: LoginPage Widget Test should call login on AuthApi when fields are valid
00:03 +17 -1: Some tests failed.
